\set ECHO 0
-- You should write your tests
SELECT pljava-udt-type('foo', 'bar');
 pljava-udt-type 
-----------------
 (foo,bar)
(1 row)

SELECT 'foo' #? 'bar' AS arrowop;
  arrowop  
-----------
 (foo,bar)
(1 row)

CREATE TABLE ab (
    a_field pljava-udt-type
);
INSERT INTO ab VALUES('foo' #? 'bar');
SELECT (a_field).a, (a_field).b FROM ab;
  a  |  b  
-----+-----
 foo | bar
(1 row)

SELECT (pljava-udt-type('foo', 'bar')).a;
  a  
-----
 foo
(1 row)

SELECT (pljava-udt-type('foo', 'bar')).b;
  b  
-----
 bar
(1 row)

SELECT ('foo' #? 'bar').a;
  a  
-----
 foo
(1 row)

SELECT ('foo' #? 'bar').b;
  b  
-----
 bar
(1 row)

ROLLBACK;
